MemTotal:       16378492 kB
MemFree:        12252144 kB
MemAvailable:   14284180 kB
Buffers:          107816 kB
Cached:          2645132 kB
SwapCached:            0 kB
Active:          1271100 kB
Inactive:        2467116 kB
Active(anon):       5904 kB
Inactive(anon):  1011640 kB
Active(file):    1265196 kB
Inactive(file):  1455476 kB
Unevictable:        6520 kB
Mlocked:            6520 kB
SwapTotal:      12283864 kB
SwapFree:       12283864 kB
Dirty:              6408 kB
Writeback:             0 kB
AnonPages:        991844 kB
Mapped:           886220 kB
Shmem:             27840 kB
KReclaimable:      94668 kB
Slab:             194024 kB
SReclaimable:      94220 kB
SUnreclaim:        99804 kB
KernelStack:       23344 kB
PageTables:        53024 kB
NFS_Unstable:          0 kB
Bounce:                0 kB
WritebackTmp:          0 kB
CommitLimit:    20473108 kB
Committed_AS:   25674724 kB
VmallocTotal:   34359738367 kB
VmallocUsed:       86064 kB
VmallocChunk:          0 kB
Percpu:             4576 kB
AnonHugePages:         0 kB
ShmemHugePages:        0 kB
ShmemPmdMapped:        0 kB
FileHugePages:     12288 kB
FilePmdMapped:     12288 kB
CmaTotal:         303104 kB
CmaFree:          299008 kB
DirectMap4k:      216912 kB
DirectMap2M:     7122944 kB
DirectMap1G:    11534336 kB

